app/vendor/(dashboard)/settings/_components/reviews-section.tsx(33,9): error TS2719: Type 'Review[]' is not assignable to type 'Review[]'. Two different types with this name exist, but they are unrelated.
  Property 'rawDate' is missing in type 'Review' but required in type 'Review'.
